[copygen.themenio.com/index-s3.html]
[copygen.themenio.com/images/favicon.png]
[backblue.gif]
[fade.gif]
[index.html]
[copygen.themenio.com/index.html]
[copygen.themenio.com/images/logo-green.png]
[copygen.themenio.com/images/logo-green-dark.png]
[copygen.themenio.com/index-s2.html]
[copygen.themenio.com/index-s4.html]
[copygen.themenio.com/index-s5.html]
[copygen.themenio.com/index-s6.html]
[copygen.themenio.com/index-s7.html]
[copygen.themenio.com/usecase.html]
[copygen.themenio.com/features.html]
[copygen.themenio.com/about.html]
[copygen.themenio.com/usecase-details.html]
[copygen.themenio.com/usecase-s2.html]
[copygen.themenio.com/usecase-details-s2.html]
[copygen.themenio.com/pricing.html]
[copygen.themenio.com/pricing-s2.html]
[copygen.themenio.com/blog.html]
[copygen.themenio.com/blog-single.html]
[copygen.themenio.com/contact.html]
[copygen.themenio.com/contact-s2.html]
[copygen.themenio.com/login.html]
[copygen.themenio.com/login-s2.html]
[copygen.themenio.com/register.html]
[copygen.themenio.com/register-s2.html]
[copygen.themenio.com/reset.html]
[copygen.themenio.com/reset-s2.html]
[copygen.themenio.com/404.html]
[copygen.themenio.com/404-s2.html]
[copygen.themenio.com/504.html]
[copygen.themenio.com/504-s2.html]
[copygen.themenio.com/terms-condition.html]
[copygen.themenio.com/images/gfx/banner/b.png]
[copygen.themenio.com/images/avatar/testimonials/md-a.jpg]
[copygen.themenio.com/images/avatar/testimonials/md-b.jpg]
[copygen.themenio.com/images/gfx/process/a.jpg]
[copygen.themenio.com/images/gfx/process/b.jpg]
[copygen.themenio.com/images/gfx/process/c.jpg]
[copygen.themenio.com/rtl/index.html]
[copygen.themenio.com/landing.html]
[copygen.themenio.com/dashboard/index.html]
[copygen.themenio.com/assets/js/bundle6572.js]
[copygen.themenio.com/assets/js/scripts6572.js]
[copygen.themenio.com/index-s3.html]
[copygen.themenio.com/assets/fonts/PlusJakartaSans-ExtraBold.woff2]
[copygen.themenio.com/assets/fonts/PlusJakartaSans-ExtraBold.woff]
[copygen.themenio.com/assets/fonts/PlusJakartaSans-ExtraBold.ttf]
[copygen.themenio.com/assets/fonts/PlusJakartaSans-Bold.woff2]
[copygen.themenio.com/assets/fonts/PlusJakartaSans-Bold.woff]
[copygen.themenio.com/assets/fonts/PlusJakartaSans-Bold.ttf]
[copygen.themenio.com/assets/fonts/PlusJakartaSans-Medium.woff2]
[copygen.themenio.com/assets/fonts/PlusJakartaSans-Medium.woff]
[copygen.themenio.com/assets/fonts/PlusJakartaSans-Medium.ttf]
[copygen.themenio.com/assets/fonts/PlusJakartaSans-Regular.woff2]
[copygen.themenio.com/assets/fonts/PlusJakartaSans-Regular.woff]
[copygen.themenio.com/assets/fonts/PlusJakartaSans-Regular.ttf]
[copygen.themenio.com/assets/fonts/Nioicon.eot]
[copygen.themenio.com/index-2.html]
[copygen.themenio.com/assets/fonts/Nioicon.ttf]
[copygen.themenio.com/assets/fonts/Nioicon.woff]
[copygen.themenio.com/assets/images/pattern/dot-a.png]
[copygen.themenio.com/assets/images/pattern/dot-a-white.png]
[copygen.themenio.com/assets/images/pattern/noise-a.png]
[copygen.themenio.com/assets/images/pattern/noise-b.png]
[copygen.themenio.com/assets/images/infinity-grid-a.png]
[copygen.themenio.com/assets/images/line-a.png]
[copygen.themenio.com/assets/images/line-b.png]
[copygen.themenio.com/assets/images/gradient/a-blur.png]
[copygen.themenio.com/assets/images/gradient/a.png]
[copygen.themenio.com/assets/images/gradient/a-dark.png]
[copygen.themenio.com/assets/images/shape/blur-a.png]
[copygen.themenio.com/assets/images/shape/blur-b.png]
[copygen.themenio.com/assets/images/shape/blur-c.png]
[copygen.themenio.com/assets/images/shape/blur-d.png]
[copygen.themenio.com/assets/images/shape/blur-e.png]
[copygen.themenio.com/assets/images/shape/blur-f.png]
[copygen.themenio.com/assets/images/shape/blur-g.png]
[copygen.themenio.com/assets/images/shape/blur-h.png]
[copygen.themenio.com/assets/images/shape/blur-i.png]
[copygen.themenio.com/assets/images/shape/blur-j.png]
[copygen.themenio.com/assets/images/shape/blur-k.png]
[copygen.themenio.com/assets/images/shape/blur-l.png]
[copygen.themenio.com/assets/images/shape/blur-m.png]
[copygen.themenio.com/assets/images/shape/blur-n.png]
[copygen.themenio.com/assets/images/shape/blur-o.png]
[copygen.themenio.com/assets/images/shape/blur-p.png]
[copygen.themenio.com/assets/images/shape/blur-q.png]
[copygen.themenio.com/assets/images/shape/blur-r.png]
[copygen.themenio.com/assets/images/shape/blur-s.png]
[copygen.themenio.com/assets/images/shape/border-a.png]
[copygen.themenio.com/assets/images/shape/border-b.png]
[copygen.themenio.com/assets/images/shape/border-c.png]
[copygen.themenio.com/assets/images/shape/border-d.png]
[copygen.themenio.com/assets/images/shape/border-e.png]
[copygen.themenio.com/assets/images/shape/border-f.png]
[copygen.themenio.com/assets/images/shape/border-g.png]
[copygen.themenio.com/assets/images/wormhole-a.png]
[copygen.themenio.com/assets/css/style-s36572.css]
[copygen.themenio.com/images/logo.png]
[copygen.themenio.com/images/logo-dark.png]
[copygen.themenio.com/images/gfx/banner/a.jpg]
[copygen.themenio.com/images/number/1.png]
[copygen.themenio.com/images/number/2.png]
[copygen.themenio.com/images/number/3.png]
[copygen.themenio.com/images/gfx/feature/a.jpg]
[copygen.themenio.com/index.html]
[copygen.themenio.com/images/gfx/banner/c.jpg]
[copygen.themenio.com/images/avatar/illustration/a.jpg]
[copygen.themenio.com/images/avatar/illustration/b.jpg]
[copygen.themenio.com/images/avatar/illustration/c.jpg]
[copygen.themenio.com/images/avatar/illustration/d.jpg]
[copygen.themenio.com/images/brands/72-b-white.png]
[copygen.themenio.com/images/brands/72-c-white.png]
[copygen.themenio.com/images/brands/72-d-white.png]
[copygen.themenio.com/images/brands/72-e-white.png]
[copygen.themenio.com/index-s2.html]
[copygen.themenio.com/images/gfx/banner/f.png]
[copygen.themenio.com/images/brands/72-b-tone-white.png]
[copygen.themenio.com/images/brands/72-c-tone-white.png]
[copygen.themenio.com/images/brands/72-d-tone-white.png]
[copygen.themenio.com/images/brands/72-e-tone-white.png]
[copygen.themenio.com/images/gfx/process/a-alt.png]
[copygen.themenio.com/images/gfx/process/b-alt.png]
[copygen.themenio.com/images/gfx/process/c-alt.png]
[copygen.themenio.com/images/gfx/usecase/a.jpg]
[copygen.themenio.com/images/gfx/usecase/b.jpg]
[copygen.themenio.com/images/gfx/usecase/c.jpg]
[copygen.themenio.com/images/gfx/usecase/d.jpg]
[copygen.themenio.com/images/gfx/usecase/e.jpg]
[copygen.themenio.com/images/avatar/author/sm-a.jpg]
[copygen.themenio.com/images/avatar/author/sm-b.jpg]
[copygen.themenio.com/images/avatar/author/sm-c.jpg]
[copygen.themenio.com/index-s4.html]
[copygen.themenio.com/images/gfx/banner/g.jpg]
[copygen.themenio.com/images/brands/72-a-tone-white.png]
[copygen.themenio.com/images/brands/72-a.png]
[copygen.themenio.com/images/brands/72-b.png]
[copygen.themenio.com/images/brands/72-c.png]
[copygen.themenio.com/images/brands/72-d.png]
[copygen.themenio.com/images/brands/72-e.png]
[copygen.themenio.com/images/gfx/feature/b.png]
[copygen.themenio.com/images/number/1-light.png]
[copygen.themenio.com/images/number/2-light.png]
[copygen.themenio.com/images/number/3-light.png]
[copygen.themenio.com/images/avatar/author/sm-e.jpg]
[copygen.themenio.com/images/avatar/author/sm-m.jpg]
[copygen.themenio.com/images/avatar/author/sm-n.jpg]
[copygen.themenio.com/images/avatar/author/sm-p.jpg]
[copygen.themenio.com/images/avatar/author/sm-o.jpg]
[copygen.themenio.com/index-s5.html]
[copygen.themenio.com/images/ai-image/gallery/a.jpg]
[copygen.themenio.com/images/ai-image/gallery/b.jpg]
[copygen.themenio.com/images/ai-image/gallery/c.jpg]
[copygen.themenio.com/images/ai-image/gallery/d.jpg]
[copygen.themenio.com/images/ai-image/gallery/e.jpg]
[copygen.themenio.com/images/ai-image/gallery/f.jpg]
[copygen.themenio.com/images/ai-image/gfx/a.jpg]
[copygen.themenio.com/images/ai-image/gfx/b.png]
[copygen.themenio.com/images/ai-image/gfx/c.png]
[copygen.themenio.com/images/ai-image/gfx/d.png]
[copygen.themenio.com/index-s6.html]
[copygen.themenio.com/images/ai-video/cover.jpg]
[copygen.themenio.com/images/ai-video/gfx/a.jpg]
[copygen.themenio.com/images/ai-video/cover/a.jpg]
[copygen.themenio.com/images/ai-video/cover/b.jpg]
[copygen.themenio.com/images/ai-video/cover/c.jpg]
[copygen.themenio.com/images/ai-video/gfx/b.jpg]
[copygen.themenio.com/images/ai-video/gfx/c.jpg]
[copygen.themenio.com/images/avatar/author/sm-q.jpg]
[copygen.themenio.com/images/avatar/author/sm-r.jpg]
[copygen.themenio.com/images/avatar/author/sm-s.jpg]
[copygen.themenio.com/images/gfx/cta-a.jpg]
[copygen.themenio.com/index-s7.html]
[copygen.themenio.com/usecase.html]
[copygen.themenio.com/features.html]
[copygen.themenio.com/images/gfx/about.png]
[copygen.themenio.com/images/brands/72-a-white.png]
[copygen.themenio.com/about.html]
[copygen.themenio.com/images/gfx/banner/d.png]
[copygen.themenio.com/usecase-details.html]
[copygen.themenio.com/usecase-s2.html]
[copygen.themenio.com/images/gfx/banner/e.jpg]
[copygen.themenio.com/usecase-details-s2.html]
[copygen.themenio.com/pricing.html]
[copygen.themenio.com/pricing-s2.html]
[copygen.themenio.com/images/blog/a.jpg]
[copygen.themenio.com/images/avatar/author/sm-d.jpg]
[copygen.themenio.com/images/blog/b.jpg]
[copygen.themenio.com/images/blog/c.jpg]
[copygen.themenio.com/images/avatar/author/sm-g.jpg]
[copygen.themenio.com/images/blog/d.jpg]
[copygen.themenio.com/images/blog/e.jpg]
[copygen.themenio.com/images/avatar/author/sm-h.jpg]
[copygen.themenio.com/images/blog/f.jpg]
[copygen.themenio.com/images/avatar/author/sm-i.jpg]
[copygen.themenio.com/images/blog/g.jpg]
[copygen.themenio.com/images/avatar/author/sm-j.jpg]
[copygen.themenio.com/images/blog/h.jpg]
[copygen.themenio.com/images/avatar/author/sm-k.jpg]
[copygen.themenio.com/images/blog/i.jpg]
[copygen.themenio.com/images/avatar/author/sm-l.jpg]
[copygen.themenio.com/blog.html]
[copygen.themenio.com/images/blog/cover.jpg]
[copygen.themenio.com/blog-single.html]
[copygen.themenio.com/contact.html]
[copygen.themenio.com/contact-s2.html]
[copygen.themenio.com/toggle-password]
[copygen.themenio.com/login.html]
[copygen.themenio.com/login-s2.html]
[copygen.themenio.com/register.html]
[copygen.themenio.com/register-s2.html]
[copygen.themenio.com/reset.html]
[copygen.themenio.com/reset-s2.html]
[copygen.themenio.com/404.html]
[copygen.themenio.com/404-s2.html]
[copygen.themenio.com/504.html]
[copygen.themenio.com/504-s2.html]
[copygen.themenio.com/terms-condition.html]
[copygen.themenio.com/rtl/index-2.html]
[copygen.themenio.com/rtl/index-s2.html]
[copygen.themenio.com/rtl/index-s3.html]
[copygen.themenio.com/rtl/index-s4.html]
[copygen.themenio.com/rtl/index-s5.html]
[copygen.themenio.com/rtl/index-s6.html]
[copygen.themenio.com/rtl/index-s7.html]
[copygen.themenio.com/rtl/usecase.html]
[copygen.themenio.com/rtl/features.html]
[copygen.themenio.com/rtl/about.html]
[copygen.themenio.com/rtl/usecase-details.html]
[copygen.themenio.com/rtl/usecase-s2.html]
[copygen.themenio.com/rtl/usecase-details-s2.html]
[copygen.themenio.com/rtl/pricing.html]
[copygen.themenio.com/rtl/pricing-s2.html]
[copygen.themenio.com/rtl/blog.html]
[copygen.themenio.com/rtl/blog-single.html]
[copygen.themenio.com/rtl/contact.html]
[copygen.themenio.com/rtl/contact-s2.html]
[copygen.themenio.com/rtl/login.html]
[copygen.themenio.com/rtl/login-s2.html]
[copygen.themenio.com/rtl/register.html]
[copygen.themenio.com/rtl/register-s2.html]
[copygen.themenio.com/rtl/reset.html]
[copygen.themenio.com/rtl/reset-s2.html]
[copygen.themenio.com/rtl/404.html]
[copygen.themenio.com/rtl/404-s2.html]
[copygen.themenio.com/rtl/504.html]
[copygen.themenio.com/rtl/504-s2.html]
[copygen.themenio.com/rtl/terms-condition.html]
[copygen.themenio.com/rtl/index.html]
[copygen.themenio.com/dashboard/images/favicon.png]
[copygen.themenio.com/dashboard/index-2.html]
[copygen.themenio.com/dashboard/images/logo.png]
[copygen.themenio.com/dashboard/images/logo-dark.png]
[copygen.themenio.com/dashboard/images/logo-icon.png]
[copygen.themenio.com/dashboard/document-saved.html]
[copygen.themenio.com/dashboard/document-drafts.html]
[copygen.themenio.com/dashboard/document-editor.html]
[copygen.themenio.com/dashboard/document-editor-generate.html]
[copygen.themenio.com/dashboard/document-editor-edit.html]
[copygen.themenio.com/dashboard/templates.html]
[copygen.themenio.com/dashboard/history.html]
[copygen.themenio.com/dashboard/pricing-plans.html]
[copygen.themenio.com/dashboard/profile.html]
[copygen.themenio.com/dashboard/payment.html]
[copygen.themenio.com/dashboard/login.html]
[copygen.themenio.com/dashboard/create-account.html]
[copygen.themenio.com/dashboard/forgot-password.html]
[copygen.themenio.com/dashboard/check-email.html]
[copygen.themenio.com/dashboard/verify-email.html]
[copygen.themenio.com/dashboard/email-verified.html]
[copygen.themenio.com/dashboard/component-buttons.html]
[copygen.themenio.com/dashboard/component-badges.html]
[copygen.themenio.com/dashboard/component-alert.html]
[copygen.themenio.com/dashboard/component-dropdown.html]
[copygen.themenio.com/dashboard/component-form-basic.html]
[copygen.themenio.com/dashboard/component-form-advanced.html]
[copygen.themenio.com/dashboard/component-tabs.html]
[copygen.themenio.com/dashboard/component-modals.html]
[copygen.themenio.com/dashboard/component-popover-tooltip.html]
[copygen.themenio.com/dashboard/component-accordion.html]
[copygen.themenio.com/dashboard/component-card.html]
[copygen.themenio.com/dashboard/component-offcanvas.html]
[copygen.themenio.com/dashboard/component-toasts.html]
[copygen.themenio.com/dashboard/images/avatar/a.png]
[copygen.themenio.com/dashboard/rtl/index.html]
[copygen.themenio.com/dashboard/assets/js/bundle2888.js]
[copygen.themenio.com/dashboard/assets/js/scripts2888.js]
[copygen.themenio.com/dashboard/index.html]
[copygen.themenio.com/images/landing/banner-gfx.png]
[copygen.themenio.com/images/landing/ld-1.jpg]
[copygen.themenio.com/images/landing/ld-2.jpg]
[copygen.themenio.com/images/landing/ld-3.jpg]
[copygen.themenio.com/images/landing/ld-4.jpg]
[copygen.themenio.com/images/landing/ld-5.jpg]
[copygen.themenio.com/images/landing/ld-6.jpg]
[copygen.themenio.com/images/landing/ld-7.jpg]
[copygen.themenio.com/images/landing/ld-soon.jpg]
[copygen.themenio.com/images/landing/dashboard-screen.png]
[copygen.themenio.com/images/landing/inner-about.jpg]
[copygen.themenio.com/images/landing/inner-pricing.jpg]
[copygen.themenio.com/images/landing/inner-pricing-2.jpg]
[copygen.themenio.com/images/landing/inner-usecase.jpg]
[copygen.themenio.com/images/landing/inner-usecase-details.jpg]
[copygen.themenio.com/images/landing/inner-usecase-2.jpg]
[copygen.themenio.com/images/landing/inner-usecase-details-2.jpg]
[copygen.themenio.com/images/landing/inner-conus.jpg]
[copygen.themenio.com/images/landing/inner-conus-2.jpg]
[copygen.themenio.com/images/landing/inner-blog.jpg]
[copygen.themenio.com/images/landing/inner-blog-details.jpg]
[copygen.themenio.com/images/landing/inner-terms.jpg]
[copygen.themenio.com/images/landing/inner-signin.jpg]
[copygen.themenio.com/images/landing/inner-signin-2.jpg]
[copygen.themenio.com/images/landing/inner-signup.jpg]
[copygen.themenio.com/images/landing/inner-signup-2.jpg]
[copygen.themenio.com/images/landing/inner-reset.jpg]
[copygen.themenio.com/images/landing/inner-reset-2.jpg]
[copygen.themenio.com/images/landing/inner-404.jpg]
[copygen.themenio.com/images/landing/inner-404-2.jpg]
[copygen.themenio.com/images/landing/inner-504.jpg]
[copygen.themenio.com/images/landing/inner-504-2.jpg]
[copygen.themenio.com/images/landing/icons/bootstrap.png]
[copygen.themenio.com/images/landing/icons/html.png]
[copygen.themenio.com/images/landing/icons/css.png]
[copygen.themenio.com/images/landing/icons/sass.png]
[copygen.themenio.com/images/landing/icons/gulp.png]
[copygen.themenio.com/images/landing/avatar/envato.jpg]
[copygen.themenio.com/images/landing/cta-screen.png]
[copygen.themenio.com/landing.html]
[copygen.themenio.com/assets/fonts/PlusJakartaSans-ExtraBold.svg]
[copygen.themenio.com/assets/fonts/PlusJakartaSans-Bold.svg]
[copygen.themenio.com/assets/fonts/PlusJakartaSans-Medium.svg]
[copygen.themenio.com/assets/fonts/PlusJakartaSans-Regular.svg]
[copygen.themenio.com/index-2.html]
[copygen.themenio.com/assets/fonts/Nioicon.svg]
[copygen.themenio.com/assets/fonts/SplineSans-Medium.woff2]
[copygen.themenio.com/assets/fonts/SplineSans-Medium.woff]
[copygen.themenio.com/assets/fonts/SplineSans-Medium.ttf]
[copygen.themenio.com/assets/fonts/SplineSans-Regular.woff2]
[copygen.themenio.com/assets/fonts/SplineSans-Regular.woff]
[copygen.themenio.com/assets/fonts/SplineSans-Regular.ttf]
[copygen.themenio.com/assets/fonts/SplineSans-Bold.woff2]
[copygen.themenio.com/assets/fonts/SplineSans-Bold.woff]
[copygen.themenio.com/assets/fonts/SplineSans-Bold.ttf]
[copygen.themenio.com/assets/css/style6572.css]
[copygen.themenio.com/assets/css/style-s26572.css]
[copygen.themenio.com/images/icon/text.svg]
[copygen.themenio.com/images/icon/edit.svg]
[copygen.themenio.com/images/icon/paper.svg]
[copygen.themenio.com/images/icon/articles.svg]
[copygen.themenio.com/images/icon/product-discription.svg]
[copygen.themenio.com/images/icon/hand-mic.svg]
[copygen.themenio.com/images/icon/praying-hand.svg]
[copygen.themenio.com/images/icon/stock-up.svg]
[copygen.themenio.com/images/icon/website.svg]
[copygen.themenio.com/assets/css/style-s46572.css]
[copygen.themenio.com/assets/css/style-s56572.css]
[copygen.themenio.com/assets/css/style-s66572.css]
[copygen.themenio.com/images/icon/play.svg]
[copygen.themenio.com/toggle-password.html]
[copygen.themenio.com/images/gfx/error/404.svg]
[copygen.themenio.com/images/gfx/error/504.svg]
[copygen.themenio.com/assets/css/style.rtl6572.css]
[copygen.themenio.com/rtl/index-2.html]
[copygen.themenio.com/rtl/index-s2.html]
[copygen.themenio.com/rtl/index-s3.html]
[copygen.themenio.com/rtl/index-s4.html]
[copygen.themenio.com/rtl/index-s5.html]
[copygen.themenio.com/rtl/index-s6.html]
[copygen.themenio.com/rtl/index-s7.html]
[copygen.themenio.com/rtl/usecase.html]
[copygen.themenio.com/rtl/features.html]
[copygen.themenio.com/rtl/about.html]
[copygen.themenio.com/rtl/usecase-details.html]
[copygen.themenio.com/rtl/usecase-s2.html]
[copygen.themenio.com/rtl/usecase-details-s2.html]
[copygen.themenio.com/rtl/pricing.html]
[copygen.themenio.com/rtl/pricing-s2.html]
[copygen.themenio.com/rtl/blog.html]
[copygen.themenio.com/rtl/blog-single.html]
[copygen.themenio.com/rtl/contact.html]
[copygen.themenio.com/rtl/contact-s2.html]
[copygen.themenio.com/rtl/toggle-password.14f.delayed]
[copygen.themenio.com/rtl/login.html]
[copygen.themenio.com/rtl/login-s2.html]
[copygen.themenio.com/rtl/register.html]
[copygen.themenio.com/rtl/register-s2.html]
[copygen.themenio.com/rtl/reset.html]
[copygen.themenio.com/rtl/reset-s2.html]
[copygen.themenio.com/rtl/404.html]
[copygen.themenio.com/rtl/404-s2.html]
[copygen.themenio.com/rtl/504.html]
[copygen.themenio.com/rtl/504-s2.html]
[copygen.themenio.com/rtl/terms-condition.html]
[copygen.themenio.com/dashboard/assets/fonts/Archivo-Regular.woff2]
[copygen.themenio.com/dashboard/assets/fonts/Archivo-Regular.woff]
[copygen.themenio.com/dashboard/assets/fonts/Archivo-Regular.ttf]
[copygen.themenio.com/dashboard/assets/fonts/Archivo-Bold.woff2]
[copygen.themenio.com/dashboard/assets/fonts/Archivo-Bold.woff]
[copygen.themenio.com/dashboard/assets/fonts/Archivo-Bold.ttf]
[copygen.themenio.com/dashboard/assets/fonts/Archivo-SemiBold.woff2]
[copygen.themenio.com/dashboard/assets/fonts/Archivo-SemiBold.woff]
[copygen.themenio.com/dashboard/assets/fonts/Archivo-SemiBold.ttf]
[copygen.themenio.com/dashboard/assets/fonts/Archivo-Medium.woff2]
[copygen.themenio.com/dashboard/assets/fonts/Archivo-Medium.woff]
[copygen.themenio.com/dashboard/assets/fonts/Archivo-Medium.ttf]
[copygen.themenio.com/dashboard/assets/fonts/Nioicon.eot]
[copygen.themenio.com/dashboard/assets/fonts/Nioicon.ttf]
[copygen.themenio.com/dashboard/assets/fonts/Nioicon.woff]
[copygen.themenio.com/dashboard/assets/css/style2888.css]
[copygen.themenio.com/dashboard/index-2.html]
[copygen.themenio.com/dashboard/document-saved.html]
[copygen.themenio.com/dashboard/document-drafts.html]
[copygen.themenio.com/dashboard/document-editor.html]
[copygen.themenio.com/dashboard/document-editor-generate.html]
[copygen.themenio.com/dashboard/document-editor-edit.html]
[copygen.themenio.com/dashboard/templates-list.html]
[copygen.themenio.com/dashboard/templates.html]
[copygen.themenio.com/dashboard/history.html]
[copygen.themenio.com/dashboard/pricing-plans.html]
[copygen.themenio.com/dashboard/images/icons/paypal.png]
[copygen.themenio.com/dashboard/profile.html]
[copygen.themenio.com/dashboard/images/icons/card/visa.png]
[copygen.themenio.com/dashboard/images/icons/card/mastercard.png]
[copygen.themenio.com/dashboard/images/icons/card/amex.png]
[copygen.themenio.com/dashboard/images/icons/card/diners.png]
[copygen.themenio.com/dashboard/payment.html]
[copygen.themenio.com/dashboard/password]
[copygen.themenio.com/dashboard/images/icons/google.png]
[copygen.themenio.com/dashboard/images/icons/facebook.png]
[copygen.themenio.com/dashboard/login.html]
[copygen.themenio.com/dashboard/create-account.html]
[copygen.themenio.com/dashboard/forgot-password.html]
[copygen.themenio.com/dashboard/check-email.html]
[copygen.themenio.com/dashboard/verify-email.html]
[copygen.themenio.com/dashboard/email-verified.html]
[copygen.themenio.com/dashboard/component-buttons.html]
[copygen.themenio.com/dashboard/component-badges.html]
[copygen.themenio.com/dashboard/component-alert.html]
[copygen.themenio.com/dashboard/component-dropdown.html]
[copygen.themenio.com/dashboard/component-form-basic.html]
[copygen.themenio.com/dashboard/component-form-advanced.html]
[copygen.themenio.com/dashboard/component-tabs.html]
[copygen.themenio.com/dashboard/component-modals.html]
[copygen.themenio.com/dashboard/component-popover-tooltip.html]
[copygen.themenio.com/dashboard/component-accordion.html]
[copygen.themenio.com/dashboard/images/preview/b.jpg]
[copygen.themenio.com/dashboard/component-card.html]
[copygen.themenio.com/dashboard/component-offcanvas.html]
[copygen.themenio.com/dashboard/component-toasts.html]
[copygen.themenio.com/dashboard/rtl/index-2.html]
[copygen.themenio.com/dashboard/rtl/document-saved.html]
[copygen.themenio.com/dashboard/rtl/document-drafts.html]
[copygen.themenio.com/dashboard/rtl/document-editor.html]
[copygen.themenio.com/dashboard/rtl/document-editor-generate.html]
[copygen.themenio.com/dashboard/rtl/document-editor-edit.html]
[copygen.themenio.com/dashboard/rtl/templates.html]
[copygen.themenio.com/dashboard/rtl/history.html]
[copygen.themenio.com/dashboard/rtl/pricing-plans.html]
[copygen.themenio.com/dashboard/rtl/profile.html]
[copygen.themenio.com/dashboard/rtl/payment.html]
[copygen.themenio.com/dashboard/rtl/login.html]
[copygen.themenio.com/dashboard/rtl/create-account.html]
[copygen.themenio.com/dashboard/rtl/forgot-password.html]
[copygen.themenio.com/dashboard/rtl/check-email.html]
[copygen.themenio.com/dashboard/rtl/verify-email.html]
[copygen.themenio.com/dashboard/rtl/email-verified.html]
[copygen.themenio.com/dashboard/rtl/component-buttons.html]
[copygen.themenio.com/dashboard/rtl/component-badges.html]
[copygen.themenio.com/dashboard/rtl/component-alert.html]
[copygen.themenio.com/dashboard/rtl/component-dropdown.html]
[copygen.themenio.com/dashboard/rtl/component-form-basic.html]
[copygen.themenio.com/dashboard/rtl/component-form-advanced.html]
[copygen.themenio.com/dashboard/rtl/component-tabs.html]
[copygen.themenio.com/dashboard/rtl/component-modals.html]
[copygen.themenio.com/dashboard/rtl/component-popover-tooltip.html]
[copygen.themenio.com/dashboard/rtl/component-accordion.html]
[copygen.themenio.com/dashboard/rtl/component-card.html]
[copygen.themenio.com/dashboard/rtl/component-offcanvas.html]
[copygen.themenio.com/dashboard/rtl/component-toasts.html]
[copygen.themenio.com/dashboard/rtl/index.html]
[copygen.themenio.com/assets/fonts/SplineSans-Medium.svg]
[copygen.themenio.com/assets/fonts/SplineSans-Regular.svg]
[copygen.themenio.com/assets/fonts/SplineSans-Bold.svg]
[copygen.themenio.com/assets/css/style-s2.rtl6572.css]
[copygen.themenio.com/assets/css/style-s3.rtl6572.css]
[copygen.themenio.com/assets/css/style-s4.rtl6572.css]
[copygen.themenio.com/assets/css/style-s5.rtl6572.css]
[copygen.themenio.com/assets/css/style-s6.rtl6572.css]
[copygen.themenio.com/rtl/toggle-password.html]
[copygen.themenio.com/dashboard/assets/fonts/Archivo-Regular.svg]
[copygen.themenio.com/dashboard/assets/fonts/Archivo-Bold.svg]
[copygen.themenio.com/dashboard/assets/fonts/Archivo-SemiBold.svg]
[copygen.themenio.com/dashboard/assets/fonts/Archivo-Medium.svg]
[copygen.themenio.com/dashboard/assets/fonts/Nioicon.svg]
[copygen.themenio.com/dashboard/images/illustrations/no-documents.svg]
[copygen.themenio.com/dashboard/templates-list.html]
[copygen.themenio.com/dashboard/password.html]
[copygen.themenio.com/dashboard/images/illustrations/envelope-send.svg]
[copygen.themenio.com/dashboard/images/illustrations/envelope-verified.svg]
[copygen.themenio.com/dashboard/assets/css/style.rtl2888.css]
[copygen.themenio.com/dashboard/rtl/index-2.html]
[copygen.themenio.com/dashboard/rtl/document-saved.html]
[copygen.themenio.com/dashboard/rtl/document-drafts.html]
[copygen.themenio.com/dashboard/rtl/document-editor.html]
[copygen.themenio.com/dashboard/rtl/document-editor-generate.html]
[copygen.themenio.com/dashboard/rtl/document-editor-edit.html]
[copygen.themenio.com/dashboard/rtl/templates-list.html]
[copygen.themenio.com/dashboard/rtl/templates.html]
[copygen.themenio.com/dashboard/rtl/history.html]
[copygen.themenio.com/dashboard/rtl/pricing-plans.html]
[copygen.themenio.com/dashboard/rtl/profile.html]
[copygen.themenio.com/dashboard/rtl/payment.html]
[copygen.themenio.com/dashboard/rtl/password]
[copygen.themenio.com/dashboard/rtl/login.html]
[copygen.themenio.com/dashboard/rtl/create-account.html]
[copygen.themenio.com/dashboard/rtl/forgot-password.html]
[copygen.themenio.com/dashboard/rtl/check-email.html]
[copygen.themenio.com/dashboard/rtl/verify-email.html]
[copygen.themenio.com/dashboard/rtl/email-verified.html]
[copygen.themenio.com/dashboard/rtl/component-buttons.html]
[copygen.themenio.com/dashboard/rtl/component-badges.html]
[copygen.themenio.com/dashboard/rtl/component-alert.html]
[copygen.themenio.com/dashboard/rtl/component-dropdown.html]
[copygen.themenio.com/dashboard/rtl/component-form-basic.html]
[copygen.themenio.com/dashboard/rtl/component-form-advanced.html]
[copygen.themenio.com/dashboard/rtl/component-tabs.html]
[copygen.themenio.com/dashboard/rtl/component-modals.html]
[copygen.themenio.com/dashboard/rtl/component-popover-tooltip.html]
[copygen.themenio.com/dashboard/rtl/component-accordion.html]
[copygen.themenio.com/dashboard/rtl/component-card.html]
[copygen.themenio.com/dashboard/rtl/component-offcanvas.html]
[copygen.themenio.com/dashboard/rtl/component-toasts.html]
[copygen.themenio.com/dashboard/rtl/templates-list.html]
[copygen.themenio.com/dashboard/rtl/password.html]
